[2026-03-23T01:27:07.846+0000] {taskinstance.py:1159} INFO - Dependencies all met for dep_context=non-requeueable deps ti=<TaskInstance: dynamic_spark_pipeline.log_stats manual__2026-03-23T01:26:11+00:00 [queued]>
[2026-03-23T01:27:07.857+0000] {taskinstance.py:1159} INFO - Dependencies all met for dep_context=requeueable deps ti=<TaskInstance: dynamic_spark_pipeline.log_stats manual__2026-03-23T01:26:11+00:00 [queued]>
[2026-03-23T01:27:07.857+0000] {taskinstance.py:1361} INFO - Starting attempt 1 of 3
[2026-03-23T01:27:07.877+0000] {taskinstance.py:1382} INFO - Executing <Task(PythonOperator): log_stats> on 2026-03-23 01:26:11+00:00
[2026-03-23T01:27:07.883+0000] {standard_task_runner.py:57} INFO - Started process 718 to run task
[2026-03-23T01:27:07.886+0000] {standard_task_runner.py:84} INFO - Running: ['***', 'tasks', 'run', 'dynamic_spark_pipeline', 'log_stats', 'manual__2026-03-23T01:26:11+00:00', '--job-id', '9', '--raw', '--subdir', 'DAGS_FOLDER/dynamic_spark_pipeline_dag.py', '--cfg-path', '/tmp/tmpxjvbihbq']
[2026-03-23T01:27:07.889+0000] {standard_task_runner.py:85} INFO - Job 9: Subtask log_stats
[2026-03-23T01:27:07.982+0000] {task_command.py:416} INFO - Running <TaskInstance: dynamic_spark_pipeline.log_stats manual__2026-03-23T01:26:11+00:00 [running]> on host c58b5b3ff68c
[2026-03-23T01:27:08.168+0000] {taskinstance.py:1662} INFO - Exporting env vars: AIRFLOW_CTX_DAG_OWNER='Nasredine Ouelseti' AIRFLOW_CTX_DAG_ID='dynamic_spark_pipeline' AIRFLOW_CTX_TASK_ID='log_stats' AIRFLOW_CTX_EXECUTION_DATE='2026-03-23T01:26:11+00:00' AIRFLOW_CTX_TRY_NUMBER='1' AIRFLOW_CTX_DAG_RUN_ID='manual__2026-03-23T01:26:11+00:00'
[2026-03-23T01:27:08.193+0000] {dynamic_spark_pipeline_dag.py:160} INFO - ======================================================================
[2026-03-23T01:27:08.193+0000] {dynamic_spark_pipeline_dag.py:161} INFO - PIPELINE EXECUTION SUMMARY
[2026-03-23T01:27:08.194+0000] {dynamic_spark_pipeline_dag.py:162} INFO - ======================================================================
[2026-03-23T01:27:08.194+0000] {dynamic_spark_pipeline_dag.py:165} INFO -   motor-ingestion                | Events:    0 | Discards:    0
[2026-03-23T01:27:08.194+0000] {dynamic_spark_pipeline_dag.py:167} INFO - ----------------------------------------------------------------------
[2026-03-23T01:27:08.195+0000] {dynamic_spark_pipeline_dag.py:168} INFO -   TOTAL                          | Events:    0 | Discards:    0 | Total:    0
[2026-03-23T01:27:08.195+0000] {dynamic_spark_pipeline_dag.py:169} INFO - ======================================================================
[2026-03-23T01:27:08.225+0000] {python.py:194} INFO - Done. Returned value was: None
[2026-03-23T01:27:08.247+0000] {taskinstance.py:1400} INFO - Marking task as SUCCESS. dag_id=dynamic_spark_pipeline, task_id=log_stats, execution_date=20260323T012611, start_date=20260323T012707, end_date=20260323T012708
[2026-03-23T01:27:08.299+0000] {local_task_job_runner.py:228} INFO - Task exited with return code 0
[2026-03-23T01:27:08.339+0000] {taskinstance.py:2778} INFO - 0 downstream tasks scheduled from follow-on schedule check
