[2026-03-22T20:51:39.439+0000] {taskinstance.py:1159} INFO - Dependencies all met for dep_context=non-requeueable deps ti=<TaskInstance: dynamic_spark_pipeline.run_pipeline manual__2026-03-22T20:51:37.221966+00:00 [queued]>
[2026-03-22T20:51:39.448+0000] {taskinstance.py:1159} INFO - Dependencies all met for dep_context=requeueable deps ti=<TaskInstance: dynamic_spark_pipeline.run_pipeline manual__2026-03-22T20:51:37.221966+00:00 [queued]>
[2026-03-22T20:51:39.448+0000] {taskinstance.py:1361} INFO - Starting attempt 1 of 3
[2026-03-22T20:51:39.462+0000] {taskinstance.py:1382} INFO - Executing <Task(BashOperator): run_pipeline> on 2026-03-22 20:51:37.221966+00:00
[2026-03-22T20:51:39.467+0000] {standard_task_runner.py:57} INFO - Started process 182 to run task
[2026-03-22T20:51:39.470+0000] {standard_task_runner.py:84} INFO - Running: ['***', 'tasks', 'run', 'dynamic_spark_pipeline', 'run_pipeline', 'manual__2026-03-22T20:51:37.221966+00:00', '--job-id', '27', '--raw', '--subdir', 'DAGS_FOLDER/dynamic_spark_pipeline_dag.py', '--cfg-path', '/tmp/tmpid98rpe1']
[2026-03-22T20:51:39.473+0000] {standard_task_runner.py:85} INFO - Job 27: Subtask run_pipeline
[2026-03-22T20:51:39.545+0000] {task_command.py:416} INFO - Running <TaskInstance: dynamic_spark_pipeline.run_pipeline manual__2026-03-22T20:51:37.221966+00:00 [running]> on host 2a21d0302024
[2026-03-22T20:51:39.665+0000] {taskinstance.py:1662} INFO - Exporting env vars: AIRFLOW_CTX_DAG_OWNER='Nasredine ouelseti' AIRFLOW_CTX_DAG_ID='dynamic_spark_pipeline' AIRFLOW_CTX_TASK_ID='run_pipeline' AIRFLOW_CTX_EXECUTION_DATE='2026-03-22T20:51:37.221966+00:00' AIRFLOW_CTX_TRY_NUMBER='1' AIRFLOW_CTX_DAG_RUN_ID='manual__2026-03-22T20:51:37.221966+00:00'
[2026-03-22T20:51:39.666+0000] {subprocess.py:63} INFO - Tmp dir root location: /tmp
[2026-03-22T20:51:39.667+0000] {subprocess.py:75} INFO - Running command: ['/bin/bash', '-c', '\n        set -e\n        cd /app\n        mkdir -p /app/***/logs/pipeline\n        python src/main.py 2>&1 | tee -a /app/***/logs/pipeline/pipeline.log\n        echo "Pipeline execution completed"\n        ']
[2026-03-22T20:51:39.681+0000] {subprocess.py:86} INFO - Output:
[2026-03-22T20:51:40.357+0000] {subprocess.py:93} INFO - Traceback (most recent call last):
[2026-03-22T20:51:40.357+0000] {subprocess.py:93} INFO -   File "/app/src/main.py", line 9, in <module>
[2026-03-22T20:51:40.357+0000] {subprocess.py:93} INFO -     logger = setup_logger(__name__)
[2026-03-22T20:51:40.357+0000] {subprocess.py:93} INFO -   File "/app/src/logger.py", line 24, in setup_logger
[2026-03-22T20:51:40.358+0000] {subprocess.py:93} INFO -     Path(log_dir).mkdir(parents=True, exist_ok=True)
[2026-03-22T20:51:40.358+0000] {subprocess.py:93} INFO -   File "/usr/local/lib/python3.9/pathlib.py", line 1323, in mkdir
[2026-03-22T20:51:40.358+0000] {subprocess.py:93} INFO -     self._accessor.mkdir(self, mode)
[2026-03-22T20:51:40.358+0000] {subprocess.py:93} INFO - PermissionError: [Errno 13] Permission denied: '/var/log/***'
[2026-03-22T20:51:40.417+0000] {subprocess.py:93} INFO - Pipeline execution completed
[2026-03-22T20:51:40.418+0000] {subprocess.py:97} INFO - Command exited with return code 0
[2026-03-22T20:51:40.462+0000] {taskinstance.py:1400} INFO - Marking task as SUCCESS. dag_id=dynamic_spark_pipeline, task_id=run_pipeline, execution_date=20260322T205137, start_date=20260322T205139, end_date=20260322T205140
[2026-03-22T20:51:40.484+0000] {local_task_job_runner.py:228} INFO - Task exited with return code 0
[2026-03-22T20:51:40.524+0000] {taskinstance.py:2778} INFO - 1 downstream tasks scheduled from follow-on schedule check
