[2026-03-22T19:26:56.965+0000] {taskinstance.py:1159} INFO - Dependencies all met for dep_context=non-requeueable deps ti=<TaskInstance: dynamic_spark_pipeline.run_pipeline manual__2026-03-22T19:26:54.201490+00:00 [queued]>
[2026-03-22T19:26:56.976+0000] {taskinstance.py:1159} INFO - Dependencies all met for dep_context=requeueable deps ti=<TaskInstance: dynamic_spark_pipeline.run_pipeline manual__2026-03-22T19:26:54.201490+00:00 [queued]>
[2026-03-22T19:26:56.976+0000] {taskinstance.py:1361} INFO - Starting attempt 1 of 3
[2026-03-22T19:26:56.990+0000] {taskinstance.py:1382} INFO - Executing <Task(BashOperator): run_pipeline> on 2026-03-22 19:26:54.201490+00:00
[2026-03-22T19:26:56.996+0000] {standard_task_runner.py:57} INFO - Started process 372 to run task
[2026-03-22T19:26:56.999+0000] {standard_task_runner.py:84} INFO - Running: ['***', 'tasks', 'run', 'dynamic_spark_pipeline', 'run_pipeline', 'manual__2026-03-22T19:26:54.201490+00:00', '--job-id', '9', '--raw', '--subdir', 'DAGS_FOLDER/dynamic_spark_pipeline_dag.py', '--cfg-path', '/tmp/tmpy40qehoa']
[2026-03-22T19:26:57.002+0000] {standard_task_runner.py:85} INFO - Job 9: Subtask run_pipeline
[2026-03-22T19:26:57.075+0000] {task_command.py:416} INFO - Running <TaskInstance: dynamic_spark_pipeline.run_pipeline manual__2026-03-22T19:26:54.201490+00:00 [running]> on host 3deb7b853a44
[2026-03-22T19:26:57.188+0000] {taskinstance.py:1662} INFO - Exporting env vars: AIRFLOW_CTX_DAG_OWNER='Nasredine ouelseti' AIRFLOW_CTX_DAG_ID='dynamic_spark_pipeline' AIRFLOW_CTX_TASK_ID='run_pipeline' AIRFLOW_CTX_EXECUTION_DATE='2026-03-22T19:26:54.201490+00:00' AIRFLOW_CTX_TRY_NUMBER='1' AIRFLOW_CTX_DAG_RUN_ID='manual__2026-03-22T19:26:54.201490+00:00'
[2026-03-22T19:26:57.189+0000] {subprocess.py:63} INFO - Tmp dir root location: /tmp
[2026-03-22T19:26:57.190+0000] {subprocess.py:75} INFO - Running command: ['/bin/bash', '-c', '\n        set -e\n        cd /app\n        python src/main.py 2>&1 | tee -a /var/log/***/pipeline.log\n        echo "Pipeline execution completed"\n        ']
[2026-03-22T19:26:57.202+0000] {subprocess.py:86} INFO - Output:
[2026-03-22T19:26:57.205+0000] {subprocess.py:93} INFO - tee: /var/log/***/pipeline.log: No such file or directory
[2026-03-22T19:26:57.372+0000] {subprocess.py:93} INFO - Traceback (most recent call last):
[2026-03-22T19:26:57.373+0000] {subprocess.py:93} INFO -   File "/app/src/main.py", line 4, in <module>
[2026-03-22T19:26:57.373+0000] {subprocess.py:93} INFO -     from pyspark.sql import SparkSession
[2026-03-22T19:26:57.373+0000] {subprocess.py:93} INFO - ModuleNotFoundError: No module named 'pyspark'
[2026-03-22T19:26:57.377+0000] {subprocess.py:97} INFO - Command exited with return code 1
[2026-03-22T19:26:57.395+0000] {taskinstance.py:1937} ERROR - Task failed with exception
Traceback (most recent call last):
  File "/home/airflow/.local/lib/python3.9/site-packages/airflow/operators/bash.py", line 210, in execute
    raise AirflowException(
airflow.exceptions.AirflowException: Bash command failed. The command returned a non-zero exit code 1.
[2026-03-22T19:26:57.398+0000] {taskinstance.py:1400} INFO - Marking task as UP_FOR_RETRY. dag_id=dynamic_spark_pipeline, task_id=run_pipeline, execution_date=20260322T192654, start_date=20260322T192656, end_date=20260322T192657
[2026-03-22T19:26:57.412+0000] {standard_task_runner.py:104} ERROR - Failed to execute job 9 for task run_pipeline (Bash command failed. The command returned a non-zero exit code 1.; 372)
[2026-03-22T19:26:57.452+0000] {local_task_job_runner.py:228} INFO - Task exited with return code 1
[2026-03-22T19:26:57.494+0000] {taskinstance.py:2778} INFO - 0 downstream tasks scheduled from follow-on schedule check
