[2026-03-22T23:36:27.751+0000] {taskinstance.py:1159} INFO - Dependencies all met for dep_context=non-requeueable deps ti=<TaskInstance: dynamic_spark_pipeline.log_stats scheduled__2026-03-21T02:00:00+00:00 [queued]>
[2026-03-22T23:36:27.762+0000] {taskinstance.py:1159} INFO - Dependencies all met for dep_context=requeueable deps ti=<TaskInstance: dynamic_spark_pipeline.log_stats scheduled__2026-03-21T02:00:00+00:00 [queued]>
[2026-03-22T23:36:27.762+0000] {taskinstance.py:1361} INFO - Starting attempt 1 of 3
[2026-03-22T23:36:27.776+0000] {taskinstance.py:1382} INFO - Executing <Task(PythonOperator): log_stats> on 2026-03-21 02:00:00+00:00
[2026-03-22T23:36:27.782+0000] {standard_task_runner.py:57} INFO - Started process 215 to run task
[2026-03-22T23:36:27.784+0000] {standard_task_runner.py:84} INFO - Running: ['***', 'tasks', 'run', 'dynamic_spark_pipeline', 'log_stats', 'scheduled__2026-03-21T02:00:00+00:00', '--job-id', '71', '--raw', '--subdir', 'DAGS_FOLDER/dynamic_spark_pipeline_dag.py', '--cfg-path', '/tmp/tmpi8vio9m6']
[2026-03-22T23:36:27.787+0000] {standard_task_runner.py:85} INFO - Job 71: Subtask log_stats
[2026-03-22T23:36:27.860+0000] {task_command.py:416} INFO - Running <TaskInstance: dynamic_spark_pipeline.log_stats scheduled__2026-03-21T02:00:00+00:00 [running]> on host 011860dce954
[2026-03-22T23:36:27.968+0000] {taskinstance.py:1662} INFO - Exporting env vars: AIRFLOW_CTX_DAG_OWNER='Nasredine Ouelseti' AIRFLOW_CTX_DAG_ID='dynamic_spark_pipeline' AIRFLOW_CTX_TASK_ID='log_stats' AIRFLOW_CTX_EXECUTION_DATE='2026-03-21T02:00:00+00:00' AIRFLOW_CTX_TRY_NUMBER='1' AIRFLOW_CTX_DAG_RUN_ID='scheduled__2026-03-21T02:00:00+00:00'
[2026-03-22T23:36:27.987+0000] {dynamic_spark_pipeline_dag.py:160} INFO - ======================================================================
[2026-03-22T23:36:27.987+0000] {dynamic_spark_pipeline_dag.py:161} INFO - PIPELINE EXECUTION SUMMARY
[2026-03-22T23:36:27.987+0000] {dynamic_spark_pipeline_dag.py:162} INFO - ======================================================================
[2026-03-22T23:36:27.987+0000] {dynamic_spark_pipeline_dag.py:165} INFO -   motor-ingestion                | Events:    0 | Discards:    0
[2026-03-22T23:36:27.987+0000] {dynamic_spark_pipeline_dag.py:167} INFO - ----------------------------------------------------------------------
[2026-03-22T23:36:27.988+0000] {dynamic_spark_pipeline_dag.py:168} INFO -   TOTAL                          | Events:    0 | Discards:    0 | Total:    0
[2026-03-22T23:36:27.988+0000] {dynamic_spark_pipeline_dag.py:169} INFO - ======================================================================
[2026-03-22T23:36:28.010+0000] {python.py:194} INFO - Done. Returned value was: None
[2026-03-22T23:36:28.027+0000] {taskinstance.py:1400} INFO - Marking task as SUCCESS. dag_id=dynamic_spark_pipeline, task_id=log_stats, execution_date=20260321T020000, start_date=20260322T233627, end_date=20260322T233628
[2026-03-22T23:36:28.077+0000] {local_task_job_runner.py:228} INFO - Task exited with return code 0
[2026-03-22T23:36:28.103+0000] {taskinstance.py:2778} INFO - 0 downstream tasks scheduled from follow-on schedule check
[2026-03-23T01:25:25.764+0000] {taskinstance.py:1159} INFO - Dependencies all met for dep_context=non-requeueable deps ti=<TaskInstance: dynamic_spark_pipeline.log_stats scheduled__2026-03-21T02:00:00+00:00 [queued]>
[2026-03-23T01:25:25.776+0000] {taskinstance.py:1159} INFO - Dependencies all met for dep_context=requeueable deps ti=<TaskInstance: dynamic_spark_pipeline.log_stats scheduled__2026-03-21T02:00:00+00:00 [queued]>
[2026-03-23T01:25:25.776+0000] {taskinstance.py:1361} INFO - Starting attempt 1 of 3
[2026-03-23T01:25:25.789+0000] {taskinstance.py:1382} INFO - Executing <Task(PythonOperator): log_stats> on 2026-03-21 02:00:00+00:00
[2026-03-23T01:25:25.795+0000] {standard_task_runner.py:57} INFO - Started process 448 to run task
[2026-03-23T01:25:25.798+0000] {standard_task_runner.py:84} INFO - Running: ['***', 'tasks', 'run', 'dynamic_spark_pipeline', 'log_stats', 'scheduled__2026-03-21T02:00:00+00:00', '--job-id', '5', '--raw', '--subdir', 'DAGS_FOLDER/dynamic_spark_pipeline_dag.py', '--cfg-path', '/tmp/tmpy187su4h']
[2026-03-23T01:25:25.800+0000] {standard_task_runner.py:85} INFO - Job 5: Subtask log_stats
[2026-03-23T01:25:25.875+0000] {task_command.py:416} INFO - Running <TaskInstance: dynamic_spark_pipeline.log_stats scheduled__2026-03-21T02:00:00+00:00 [running]> on host c58b5b3ff68c
[2026-03-23T01:25:25.998+0000] {taskinstance.py:1662} INFO - Exporting env vars: AIRFLOW_CTX_DAG_OWNER='Nasredine Ouelseti' AIRFLOW_CTX_DAG_ID='dynamic_spark_pipeline' AIRFLOW_CTX_TASK_ID='log_stats' AIRFLOW_CTX_EXECUTION_DATE='2026-03-21T02:00:00+00:00' AIRFLOW_CTX_TRY_NUMBER='1' AIRFLOW_CTX_DAG_RUN_ID='scheduled__2026-03-21T02:00:00+00:00'
[2026-03-23T01:25:26.020+0000] {dynamic_spark_pipeline_dag.py:160} INFO - ======================================================================
[2026-03-23T01:25:26.021+0000] {dynamic_spark_pipeline_dag.py:161} INFO - PIPELINE EXECUTION SUMMARY
[2026-03-23T01:25:26.021+0000] {dynamic_spark_pipeline_dag.py:162} INFO - ======================================================================
[2026-03-23T01:25:26.021+0000] {dynamic_spark_pipeline_dag.py:165} INFO -   motor-ingestion                | Events:    0 | Discards:    0
[2026-03-23T01:25:26.021+0000] {dynamic_spark_pipeline_dag.py:167} INFO - ----------------------------------------------------------------------
[2026-03-23T01:25:26.021+0000] {dynamic_spark_pipeline_dag.py:168} INFO -   TOTAL                          | Events:    0 | Discards:    0 | Total:    0
[2026-03-23T01:25:26.021+0000] {dynamic_spark_pipeline_dag.py:169} INFO - ======================================================================
[2026-03-23T01:25:26.045+0000] {python.py:194} INFO - Done. Returned value was: None
[2026-03-23T01:25:26.064+0000] {taskinstance.py:1400} INFO - Marking task as SUCCESS. dag_id=dynamic_spark_pipeline, task_id=log_stats, execution_date=20260321T020000, start_date=20260323T012525, end_date=20260323T012526
[2026-03-23T01:25:26.090+0000] {local_task_job_runner.py:228} INFO - Task exited with return code 0
[2026-03-23T01:25:26.120+0000] {taskinstance.py:2778} INFO - 0 downstream tasks scheduled from follow-on schedule check
