[2026-03-23T00:19:23.999+0000] {taskinstance.py:1159} INFO - Dependencies all met for dep_context=non-requeueable deps ti=<TaskInstance: dynamic_spark_pipeline.run_pipeline manual__2026-03-23T00:13:45+00:00 [queued]>
[2026-03-23T00:19:24.013+0000] {taskinstance.py:1159} INFO - Dependencies all met for dep_context=requeueable deps ti=<TaskInstance: dynamic_spark_pipeline.run_pipeline manual__2026-03-23T00:13:45+00:00 [queued]>
[2026-03-23T00:19:24.014+0000] {taskinstance.py:1361} INFO - Starting attempt 2 of 3
[2026-03-23T00:19:24.030+0000] {taskinstance.py:1382} INFO - Executing <Task(BashOperator): run_pipeline> on 2026-03-23 00:13:45+00:00
[2026-03-23T00:19:24.035+0000] {standard_task_runner.py:57} INFO - Started process 825 to run task
[2026-03-23T00:19:24.039+0000] {standard_task_runner.py:84} INFO - Running: ['***', 'tasks', 'run', 'dynamic_spark_pipeline', 'run_pipeline', 'manual__2026-03-23T00:13:45+00:00', '--job-id', '9', '--raw', '--subdir', 'DAGS_FOLDER/dynamic_spark_pipeline_dag.py', '--cfg-path', '/tmp/tmp7xviw8q4']
[2026-03-23T00:19:24.041+0000] {standard_task_runner.py:85} INFO - Job 9: Subtask run_pipeline
[2026-03-23T00:19:24.119+0000] {task_command.py:416} INFO - Running <TaskInstance: dynamic_spark_pipeline.run_pipeline manual__2026-03-23T00:13:45+00:00 [running]> on host 98339a0edaaf
[2026-03-23T00:19:24.241+0000] {taskinstance.py:1662} INFO - Exporting env vars: AIRFLOW_CTX_DAG_OWNER='Nasredine Ouelseti' AIRFLOW_CTX_DAG_ID='dynamic_spark_pipeline' AIRFLOW_CTX_TASK_ID='run_pipeline' AIRFLOW_CTX_EXECUTION_DATE='2026-03-23T00:13:45+00:00' AIRFLOW_CTX_TRY_NUMBER='2' AIRFLOW_CTX_DAG_RUN_ID='manual__2026-03-23T00:13:45+00:00'
[2026-03-23T00:19:24.243+0000] {subprocess.py:63} INFO - Tmp dir root location: /tmp
[2026-03-23T00:19:24.244+0000] {subprocess.py:75} INFO - Running command: ['/bin/bash', '-c', '\nset -e\n\necho "Starting Spark pipeline execution..."\necho "Configuration: /app/metadata/config.json"\necho "Data path: /app/data"\necho "Script: /app/src/main.py"\necho "Log path: /app/***/logs/pipeline"\n\n# Pre-create critical directories with proper error handling\necho "Preparing directories..."\nLOG_DIR_BACKUP="/tmp/***_logs"\n\n# Try to create log directory with primary path\nif mkdir -p "/app/***/logs/pipeline" 2>/dev/null && touch "/app/***/logs/pipeline/.write_test" 2>/dev/null; then\n    echo "✓ Using primary log path: /app/***/logs/pipeline"\n    rm -f "/app/***/logs/pipeline/.write_test"\nelse\n    echo "⚠ Primary log path not writable, using backup: $LOG_DIR_BACKUP"\n    mkdir -p "$LOG_DIR_BACKUP"\n    mkdir -p "/app/data/output" 2>/dev/null || true\nfi\n\n# Create data output directory (non-critical)\nmkdir -p "/app/data/output" 2>/dev/null || echo "⚠ Warning: Could not create data output directory"\n\n# Set effective log path for the script\nexport LOG_PATH_EFFECTIVE="/app/***/logs/pipeline"\nif [ ! -w "/app/***/logs/pipeline" ]; then\n    export LOG_PATH_EFFECTIVE="$LOG_DIR_BACKUP"\nfi\n\necho "Effective log path: $LOG_PATH_EFFECTIVE"\n\n# Change to application home directory\nif [ -d "/app" ]; then\n    cd "/app"\n    echo "✓ Changed to: /app"\nelse\n    echo "✗ Application directory not found: /app"\n    exit 1\nfi\n\n# Run the pipeline script\necho "Executing pipeline script..."\npython "/app/src/main.py" 2>&1 | tee -a "$LOG_PATH_EFFECTIVE/pipeline.log" || true\n\n# Capture exit code\nEXIT_CODE=${PIPESTATUS[0]}\n\n# Report results\necho ""\necho "Pipeline execution completed with exit code: $EXIT_CODE"\n\nif [ $EXIT_CODE -eq 0 ]; then\n    echo "✓ Pipeline executed successfully"\n    exit 0\nelse\n    echo "✗ Pipeline failed with errors (see logs above)"\n    exit $EXIT_CODE\nfi\n        ']
[2026-03-23T00:19:24.255+0000] {subprocess.py:86} INFO - Output:
[2026-03-23T00:19:24.257+0000] {subprocess.py:93} INFO - Starting Spark pipeline execution...
[2026-03-23T00:19:24.258+0000] {subprocess.py:93} INFO - Configuration: /app/metadata/config.json
[2026-03-23T00:19:24.258+0000] {subprocess.py:93} INFO - Data path: /app/data
[2026-03-23T00:19:24.258+0000] {subprocess.py:93} INFO - Script: /app/src/main.py
[2026-03-23T00:19:24.258+0000] {subprocess.py:93} INFO - Log path: /app/***/logs/pipeline
[2026-03-23T00:19:24.259+0000] {subprocess.py:93} INFO - Preparing directories...
[2026-03-23T00:19:24.262+0000] {subprocess.py:93} INFO - ✓ Using primary log path: /app/***/logs/pipeline
[2026-03-23T00:19:24.266+0000] {subprocess.py:93} INFO - Effective log path: /app/***/logs/pipeline
[2026-03-23T00:19:24.266+0000] {subprocess.py:93} INFO - ✓ Changed to: /app
[2026-03-23T00:19:24.266+0000] {subprocess.py:93} INFO - Executing pipeline script...
[2026-03-23T00:19:25.147+0000] {subprocess.py:93} INFO - 2026-03-23 00:19:25,146 - __main__ - INFO - Starting Dynamic Spark Pipeline...
[2026-03-23T00:19:25.148+0000] {subprocess.py:93} INFO - 2026-03-23 00:19:25,148 - __main__ - INFO - Loading config from metadata/config.json
[2026-03-23T00:19:25.148+0000] {subprocess.py:93} INFO - 2026-03-23 00:19:25,148 - __main__ - INFO - Creating Spark session...
[2026-03-23T00:19:25.403+0000] {subprocess.py:93} INFO - WARNING: Using incubator modules: jdk.incubator.vector
[2026-03-23T00:19:27.968+0000] {subprocess.py:93} INFO - Using Spark's default log4j profile: org/apache/spark/log4j2-defaults.properties
[2026-03-23T00:19:27.969+0000] {subprocess.py:93} INFO - Setting default log level to "WARN".
[2026-03-23T00:19:27.971+0000] {subprocess.py:93} INFO - To adjust logging level use sc.setLogLevel(newLevel). For SparkR, use setLogLevel(newLevel).
[2026-03-23T00:19:29.240+0000] {subprocess.py:93} INFO - 26/03/23 00:19:29 WARN NativeCodeLoader: Unable to load native-hadoop library for your platform... using builtin-java classes where applicable
[2026-03-23T00:19:35.386+0000] {subprocess.py:93} INFO - 2026-03-23 00:19:35,385 - __main__ - INFO - Executing 1 dataflow(s)...
[2026-03-23T00:19:39.421+0000] {local_task_job_runner.py:294} WARNING - State of this instance has been externally set to None. Terminating instance.
[2026-03-23T00:19:39.438+0000] {process_utils.py:131} INFO - Sending 15 to group 825. PIDs of all processes in the group: [826, 835, 836, 855, 825]
[2026-03-23T00:19:39.439+0000] {process_utils.py:86} INFO - Sending the signal 15 to group 825
[2026-03-23T00:19:39.440+0000] {taskinstance.py:1632} ERROR - Received SIGTERM. Terminating subprocesses.
[2026-03-23T00:19:39.441+0000] {subprocess.py:104} INFO - Sending SIGTERM signal to process group
[2026-03-23T00:19:39.543+0000] {taskinstance.py:1937} ERROR - Task failed with exception
Traceback (most recent call last):
  File "/home/airflow/.local/lib/python3.9/site-packages/airflow/operators/bash.py", line 201, in execute
    result = self.subprocess_hook.run_command(
  File "/home/airflow/.local/lib/python3.9/site-packages/airflow/hooks/subprocess.py", line 91, in run_command
    for raw_line in iter(self.sub_process.stdout.readline, b""):
  File "/home/airflow/.local/lib/python3.9/site-packages/airflow/models/taskinstance.py", line 1634, in signal_handler
    raise AirflowException("Task received SIGTERM signal")
airflow.exceptions.AirflowException: Task received SIGTERM signal
[2026-03-23T00:19:39.575+0000] {taskinstance.py:1400} INFO - Marking task as FAILED. dag_id=dynamic_spark_pipeline, task_id=run_pipeline, execution_date=20260323T001345, start_date=20260323T001923, end_date=20260323T001939
[2026-03-23T00:19:39.613+0000] {standard_task_runner.py:104} ERROR - Failed to execute job 9 for task run_pipeline ((psycopg2.errors.ForeignKeyViolation) insert or update on table "task_fail" violates foreign key constraint "task_fail_ti_fkey"
DETAIL:  Key (dag_id, task_id, run_id, map_index)=(dynamic_spark_pipeline, run_pipeline, manual__2026-03-23T00:13:45+00:00, -1) is not present in table "task_instance".

[SQL: INSERT INTO task_fail (task_id, dag_id, run_id, map_index, start_date, end_date, duration) VALUES (%(task_id)s, %(dag_id)s, %(run_id)s, %(map_index)s, %(start_date)s, %(end_date)s, %(duration)s) RETURNING task_fail.id]
[parameters: {'task_id': 'run_pipeline', 'dag_id': 'dynamic_spark_pipeline', 'run_id': 'manual__2026-03-23T00:13:45+00:00', 'map_index': -1, 'start_date': datetime.datetime(2026, 3, 23, 0, 19, 23, 999952, tzinfo=Timezone('UTC')), 'end_date': datetime.datetime(2026, 3, 23, 0, 19, 39, 573885, tzinfo=Timezone('UTC')), 'duration': 15}]
(Background on this error at: https://sqlalche.me/e/14/gkpj); 825)
[2026-03-23T00:19:39.636+0000] {process_utils.py:79} INFO - Process psutil.Process(pid=826, status='terminated', started='00:19:24') (826) terminated with exit code None
[2026-03-23T00:19:39.636+0000] {process_utils.py:79} INFO - Process psutil.Process(pid=835, status='terminated', started='00:19:24') (835) terminated with exit code None
[2026-03-23T00:19:39.637+0000] {process_utils.py:79} INFO - Process psutil.Process(pid=836, status='terminated', started='00:19:24') (836) terminated with exit code None
[2026-03-23T00:19:39.638+0000] {process_utils.py:79} INFO - Process psutil.Process(pid=825, status='terminated', exitcode=1, started='00:19:24') (825) terminated with exit code 1
[2026-03-23T00:19:40.237+0000] {process_utils.py:79} INFO - Process psutil.Process(pid=855, status='terminated', started='00:19:25') (855) terminated with exit code None
