[2026-03-22T19:18:36.575+0000] {taskinstance.py:1159} INFO - Dependencies all met for dep_context=non-requeueable deps ti=<TaskInstance: dynamic_spark_pipeline.check_config scheduled__2026-03-21T02:00:00+00:00 [queued]>
[2026-03-22T19:18:36.590+0000] {taskinstance.py:1159} INFO - Dependencies all met for dep_context=requeueable deps ti=<TaskInstance: dynamic_spark_pipeline.check_config scheduled__2026-03-21T02:00:00+00:00 [queued]>
[2026-03-22T19:18:36.591+0000] {taskinstance.py:1361} INFO - Starting attempt 1 of 3
[2026-03-22T19:18:36.618+0000] {taskinstance.py:1382} INFO - Executing <Task(PythonOperator): check_config> on 2026-03-21 02:00:00+00:00
[2026-03-22T19:18:36.624+0000] {standard_task_runner.py:57} INFO - Started process 170 to run task
[2026-03-22T19:18:36.628+0000] {standard_task_runner.py:84} INFO - Running: ['***', 'tasks', 'run', 'dynamic_spark_pipeline', 'check_config', 'scheduled__2026-03-21T02:00:00+00:00', '--job-id', '3', '--raw', '--subdir', 'DAGS_FOLDER/dynamic_spark_pipeline_dag.py', '--cfg-path', '/tmp/tmpb3gjxh4i']
[2026-03-22T19:18:36.632+0000] {standard_task_runner.py:85} INFO - Job 3: Subtask check_config
[2026-03-22T19:18:36.732+0000] {task_command.py:416} INFO - Running <TaskInstance: dynamic_spark_pipeline.check_config scheduled__2026-03-21T02:00:00+00:00 [running]> on host 3deb7b853a44
[2026-03-22T19:18:36.992+0000] {taskinstance.py:1662} INFO - Exporting env vars: AIRFLOW_CTX_DAG_OWNER='Nasredine ouelseti' AIRFLOW_CTX_DAG_ID='dynamic_spark_pipeline' AIRFLOW_CTX_TASK_ID='check_config' AIRFLOW_CTX_EXECUTION_DATE='2026-03-21T02:00:00+00:00' AIRFLOW_CTX_TRY_NUMBER='1' AIRFLOW_CTX_DAG_RUN_ID='scheduled__2026-03-21T02:00:00+00:00'
[2026-03-22T19:18:36.994+0000] {dynamic_spark_pipeline_dag.py:32} INFO - Config loaded. Dataflows: ['motor-ingestion']
[2026-03-22T19:18:37.039+0000] {python.py:194} INFO - Done. Returned value was: None
[2026-03-22T19:18:37.066+0000] {taskinstance.py:1400} INFO - Marking task as SUCCESS. dag_id=dynamic_spark_pipeline, task_id=check_config, execution_date=20260321T020000, start_date=20260322T191836, end_date=20260322T191837
[2026-03-22T19:18:37.124+0000] {local_task_job_runner.py:228} INFO - Task exited with return code 0
[2026-03-22T19:18:37.195+0000] {taskinstance.py:2778} INFO - 1 downstream tasks scheduled from follow-on schedule check
[2026-03-22T19:32:05.257+0000] {taskinstance.py:1159} INFO - Dependencies all met for dep_context=non-requeueable deps ti=<TaskInstance: dynamic_spark_pipeline.check_config scheduled__2026-03-21T02:00:00+00:00 [queued]>
[2026-03-22T19:32:05.266+0000] {taskinstance.py:1159} INFO - Dependencies all met for dep_context=requeueable deps ti=<TaskInstance: dynamic_spark_pipeline.check_config scheduled__2026-03-21T02:00:00+00:00 [queued]>
[2026-03-22T19:32:05.267+0000] {taskinstance.py:1361} INFO - Starting attempt 1 of 3
[2026-03-22T19:32:05.280+0000] {taskinstance.py:1382} INFO - Executing <Task(PythonOperator): check_config> on 2026-03-21 02:00:00+00:00
[2026-03-22T19:32:05.286+0000] {standard_task_runner.py:57} INFO - Started process 506 to run task
[2026-03-22T19:32:05.289+0000] {standard_task_runner.py:84} INFO - Running: ['***', 'tasks', 'run', 'dynamic_spark_pipeline', 'check_config', 'scheduled__2026-03-21T02:00:00+00:00', '--job-id', '14', '--raw', '--subdir', 'DAGS_FOLDER/dynamic_spark_pipeline_dag.py', '--cfg-path', '/tmp/tmpxirmv06a']
[2026-03-22T19:32:05.291+0000] {standard_task_runner.py:85} INFO - Job 14: Subtask check_config
[2026-03-22T19:32:05.365+0000] {task_command.py:416} INFO - Running <TaskInstance: dynamic_spark_pipeline.check_config scheduled__2026-03-21T02:00:00+00:00 [running]> on host 3deb7b853a44
[2026-03-22T19:32:05.479+0000] {taskinstance.py:1662} INFO - Exporting env vars: AIRFLOW_CTX_DAG_OWNER='Nasredine ouelseti' AIRFLOW_CTX_DAG_ID='dynamic_spark_pipeline' AIRFLOW_CTX_TASK_ID='check_config' AIRFLOW_CTX_EXECUTION_DATE='2026-03-21T02:00:00+00:00' AIRFLOW_CTX_TRY_NUMBER='1' AIRFLOW_CTX_DAG_RUN_ID='scheduled__2026-03-21T02:00:00+00:00'
[2026-03-22T19:32:05.480+0000] {dynamic_spark_pipeline_dag.py:32} INFO - Config loaded. Dataflows: ['motor-ingestion']
[2026-03-22T19:32:05.506+0000] {python.py:194} INFO - Done. Returned value was: None
[2026-03-22T19:32:05.528+0000] {taskinstance.py:1400} INFO - Marking task as SUCCESS. dag_id=dynamic_spark_pipeline, task_id=check_config, execution_date=20260321T020000, start_date=20260322T193205, end_date=20260322T193205
[2026-03-22T19:32:05.581+0000] {local_task_job_runner.py:228} INFO - Task exited with return code 0
[2026-03-22T19:32:05.632+0000] {taskinstance.py:2778} INFO - 1 downstream tasks scheduled from follow-on schedule check
[2026-03-22T23:21:13.918+0000] {taskinstance.py:1159} INFO - Dependencies all met for dep_context=non-requeueable deps ti=<TaskInstance: dynamic_spark_pipeline.check_config scheduled__2026-03-21T02:00:00+00:00 [queued]>
[2026-03-22T23:21:13.928+0000] {taskinstance.py:1159} INFO - Dependencies all met for dep_context=requeueable deps ti=<TaskInstance: dynamic_spark_pipeline.check_config scheduled__2026-03-21T02:00:00+00:00 [queued]>
[2026-03-22T23:21:13.928+0000] {taskinstance.py:1361} INFO - Starting attempt 1 of 3
[2026-03-22T23:21:13.942+0000] {taskinstance.py:1382} INFO - Executing <Task(PythonOperator): check_config> on 2026-03-21 02:00:00+00:00
[2026-03-22T23:21:13.948+0000] {standard_task_runner.py:57} INFO - Started process 191 to run task
[2026-03-22T23:21:13.950+0000] {standard_task_runner.py:84} INFO - Running: ['***', 'tasks', 'run', 'dynamic_spark_pipeline', 'check_config', 'scheduled__2026-03-21T02:00:00+00:00', '--job-id', '33', '--raw', '--subdir', 'DAGS_FOLDER/dynamic_spark_pipeline_dag.py', '--cfg-path', '/tmp/tmpuc9dj9o9']
[2026-03-22T23:21:13.953+0000] {standard_task_runner.py:85} INFO - Job 33: Subtask check_config
[2026-03-22T23:21:14.023+0000] {task_command.py:416} INFO - Running <TaskInstance: dynamic_spark_pipeline.check_config scheduled__2026-03-21T02:00:00+00:00 [running]> on host da27f22158d7
[2026-03-22T23:21:14.154+0000] {taskinstance.py:1662} INFO - Exporting env vars: AIRFLOW_CTX_DAG_OWNER='Nasredine Ouelseti' AIRFLOW_CTX_DAG_ID='dynamic_spark_pipeline' AIRFLOW_CTX_TASK_ID='check_config' AIRFLOW_CTX_EXECUTION_DATE='2026-03-21T02:00:00+00:00' AIRFLOW_CTX_TRY_NUMBER='1' AIRFLOW_CTX_DAG_RUN_ID='scheduled__2026-03-21T02:00:00+00:00'
[2026-03-22T23:21:14.155+0000] {dynamic_spark_pipeline_dag.py:81} INFO - ✓ Config loaded from: /app/metadata/config.json
[2026-03-22T23:21:14.156+0000] {dynamic_spark_pipeline_dag.py:82} INFO - ✓ Dataflows found: ['motor-ingestion']
[2026-03-22T23:21:14.227+0000] {python.py:194} INFO - Done. Returned value was: {'status': 'success', 'dataflows': ['motor-ingestion']}
[2026-03-22T23:21:14.285+0000] {taskinstance.py:1400} INFO - Marking task as SUCCESS. dag_id=dynamic_spark_pipeline, task_id=check_config, execution_date=20260321T020000, start_date=20260322T232113, end_date=20260322T232114
[2026-03-22T23:21:14.325+0000] {local_task_job_runner.py:228} INFO - Task exited with return code 0
[2026-03-22T23:21:14.359+0000] {taskinstance.py:2778} INFO - 1 downstream tasks scheduled from follow-on schedule check
[2026-03-23T00:14:02.909+0000] {taskinstance.py:1159} INFO - Dependencies all met for dep_context=non-requeueable deps ti=<TaskInstance: dynamic_spark_pipeline.check_config scheduled__2026-03-21T02:00:00+00:00 [queued]>
[2026-03-23T00:14:02.925+0000] {taskinstance.py:1159} INFO - Dependencies all met for dep_context=requeueable deps ti=<TaskInstance: dynamic_spark_pipeline.check_config scheduled__2026-03-21T02:00:00+00:00 [queued]>
[2026-03-23T00:14:02.926+0000] {taskinstance.py:1361} INFO - Starting attempt 1 of 3
[2026-03-23T00:14:02.951+0000] {taskinstance.py:1382} INFO - Executing <Task(PythonOperator): check_config> on 2026-03-21 02:00:00+00:00
[2026-03-23T00:14:02.960+0000] {standard_task_runner.py:57} INFO - Started process 182 to run task
[2026-03-23T00:14:02.964+0000] {standard_task_runner.py:84} INFO - Running: ['***', 'tasks', 'run', 'dynamic_spark_pipeline', 'check_config', 'scheduled__2026-03-21T02:00:00+00:00', '--job-id', '3', '--raw', '--subdir', 'DAGS_FOLDER/dynamic_spark_pipeline_dag.py', '--cfg-path', '/tmp/tmpw6u24mgr']
[2026-03-23T00:14:02.968+0000] {standard_task_runner.py:85} INFO - Job 3: Subtask check_config
[2026-03-23T00:14:03.080+0000] {task_command.py:416} INFO - Running <TaskInstance: dynamic_spark_pipeline.check_config scheduled__2026-03-21T02:00:00+00:00 [running]> on host 98339a0edaaf
[2026-03-23T00:14:03.327+0000] {taskinstance.py:1662} INFO - Exporting env vars: AIRFLOW_CTX_DAG_OWNER='Nasredine Ouelseti' AIRFLOW_CTX_DAG_ID='dynamic_spark_pipeline' AIRFLOW_CTX_TASK_ID='check_config' AIRFLOW_CTX_EXECUTION_DATE='2026-03-21T02:00:00+00:00' AIRFLOW_CTX_TRY_NUMBER='1' AIRFLOW_CTX_DAG_RUN_ID='scheduled__2026-03-21T02:00:00+00:00'
[2026-03-23T00:14:03.328+0000] {dynamic_spark_pipeline_dag.py:81} INFO - ✓ Config loaded from: /app/metadata/config.json
[2026-03-23T00:14:03.328+0000] {dynamic_spark_pipeline_dag.py:82} INFO - ✓ Dataflows found: ['motor-ingestion']
[2026-03-23T00:14:03.400+0000] {python.py:194} INFO - Done. Returned value was: {'status': 'success', 'dataflows': ['motor-ingestion']}
[2026-03-23T00:14:03.468+0000] {taskinstance.py:1400} INFO - Marking task as SUCCESS. dag_id=dynamic_spark_pipeline, task_id=check_config, execution_date=20260321T020000, start_date=20260323T001402, end_date=20260323T001403
[2026-03-23T00:14:03.499+0000] {local_task_job_runner.py:228} INFO - Task exited with return code 0
[2026-03-23T00:14:03.568+0000] {taskinstance.py:2778} INFO - 1 downstream tasks scheduled from follow-on schedule check
[2026-03-23T00:19:57.587+0000] {taskinstance.py:1159} INFO - Dependencies all met for dep_context=non-requeueable deps ti=<TaskInstance: dynamic_spark_pipeline.check_config scheduled__2026-03-21T02:00:00+00:00 [queued]>
[2026-03-23T00:19:57.602+0000] {taskinstance.py:1159} INFO - Dependencies all met for dep_context=requeueable deps ti=<TaskInstance: dynamic_spark_pipeline.check_config scheduled__2026-03-21T02:00:00+00:00 [queued]>
[2026-03-23T00:19:57.602+0000] {taskinstance.py:1361} INFO - Starting attempt 1 of 3
[2026-03-23T00:19:57.619+0000] {taskinstance.py:1382} INFO - Executing <Task(PythonOperator): check_config> on 2026-03-21 02:00:00+00:00
[2026-03-23T00:19:57.625+0000] {standard_task_runner.py:57} INFO - Started process 1254 to run task
[2026-03-23T00:19:57.629+0000] {standard_task_runner.py:84} INFO - Running: ['***', 'tasks', 'run', 'dynamic_spark_pipeline', 'check_config', 'scheduled__2026-03-21T02:00:00+00:00', '--job-id', '12', '--raw', '--subdir', 'DAGS_FOLDER/dynamic_spark_pipeline_dag.py', '--cfg-path', '/tmp/tmp5p5brc1d']
[2026-03-23T00:19:57.632+0000] {standard_task_runner.py:85} INFO - Job 12: Subtask check_config
[2026-03-23T00:19:57.732+0000] {task_command.py:416} INFO - Running <TaskInstance: dynamic_spark_pipeline.check_config scheduled__2026-03-21T02:00:00+00:00 [running]> on host 98339a0edaaf
[2026-03-23T00:19:57.853+0000] {taskinstance.py:1662} INFO - Exporting env vars: AIRFLOW_CTX_DAG_OWNER='Nasredine Ouelseti' AIRFLOW_CTX_DAG_ID='dynamic_spark_pipeline' AIRFLOW_CTX_TASK_ID='check_config' AIRFLOW_CTX_EXECUTION_DATE='2026-03-21T02:00:00+00:00' AIRFLOW_CTX_TRY_NUMBER='1' AIRFLOW_CTX_DAG_RUN_ID='scheduled__2026-03-21T02:00:00+00:00'
[2026-03-23T00:19:57.854+0000] {dynamic_spark_pipeline_dag.py:81} INFO - ✓ Config loaded from: /app/metadata/config.json
[2026-03-23T00:19:57.854+0000] {dynamic_spark_pipeline_dag.py:82} INFO - ✓ Dataflows found: ['motor-ingestion']
[2026-03-23T00:19:57.894+0000] {python.py:194} INFO - Done. Returned value was: {'status': 'success', 'dataflows': ['motor-ingestion']}
[2026-03-23T00:19:57.930+0000] {taskinstance.py:1400} INFO - Marking task as SUCCESS. dag_id=dynamic_spark_pipeline, task_id=check_config, execution_date=20260321T020000, start_date=20260323T001957, end_date=20260323T001957
[2026-03-23T00:19:57.962+0000] {local_task_job_runner.py:228} INFO - Task exited with return code 0
[2026-03-23T00:19:57.996+0000] {taskinstance.py:2778} INFO - 1 downstream tasks scheduled from follow-on schedule check
[2026-03-23T00:34:24.627+0000] {taskinstance.py:1159} INFO - Dependencies all met for dep_context=non-requeueable deps ti=<TaskInstance: dynamic_spark_pipeline.check_config scheduled__2026-03-21T02:00:00+00:00 [queued]>
[2026-03-23T00:34:24.662+0000] {taskinstance.py:1159} INFO - Dependencies all met for dep_context=requeueable deps ti=<TaskInstance: dynamic_spark_pipeline.check_config scheduled__2026-03-21T02:00:00+00:00 [queued]>
[2026-03-23T00:34:24.662+0000] {taskinstance.py:1361} INFO - Starting attempt 1 of 3
[2026-03-23T00:34:24.685+0000] {taskinstance.py:1382} INFO - Executing <Task(PythonOperator): check_config> on 2026-03-21 02:00:00+00:00
[2026-03-23T00:34:24.691+0000] {standard_task_runner.py:57} INFO - Started process 181 to run task
[2026-03-23T00:34:24.695+0000] {standard_task_runner.py:84} INFO - Running: ['***', 'tasks', 'run', 'dynamic_spark_pipeline', 'check_config', 'scheduled__2026-03-21T02:00:00+00:00', '--job-id', '2', '--raw', '--subdir', 'DAGS_FOLDER/dynamic_spark_pipeline_dag.py', '--cfg-path', '/tmp/tmpj4uzeuut']
[2026-03-23T00:34:24.698+0000] {standard_task_runner.py:85} INFO - Job 2: Subtask check_config
[2026-03-23T00:34:24.795+0000] {task_command.py:416} INFO - Running <TaskInstance: dynamic_spark_pipeline.check_config scheduled__2026-03-21T02:00:00+00:00 [running]> on host e42bc663f5c9
[2026-03-23T00:34:24.940+0000] {taskinstance.py:1662} INFO - Exporting env vars: AIRFLOW_CTX_DAG_OWNER='Nasredine Ouelseti' AIRFLOW_CTX_DAG_ID='dynamic_spark_pipeline' AIRFLOW_CTX_TASK_ID='check_config' AIRFLOW_CTX_EXECUTION_DATE='2026-03-21T02:00:00+00:00' AIRFLOW_CTX_TRY_NUMBER='1' AIRFLOW_CTX_DAG_RUN_ID='scheduled__2026-03-21T02:00:00+00:00'
[2026-03-23T00:34:24.941+0000] {dynamic_spark_pipeline_dag.py:81} INFO - ✓ Config loaded from: /app/metadata/config.json
[2026-03-23T00:34:24.941+0000] {dynamic_spark_pipeline_dag.py:82} INFO - ✓ Dataflows found: ['motor-ingestion']
[2026-03-23T00:34:24.994+0000] {python.py:194} INFO - Done. Returned value was: {'status': 'success', 'dataflows': ['motor-ingestion']}
[2026-03-23T00:34:25.040+0000] {taskinstance.py:1400} INFO - Marking task as SUCCESS. dag_id=dynamic_spark_pipeline, task_id=check_config, execution_date=20260321T020000, start_date=20260323T003424, end_date=20260323T003425
[2026-03-23T00:34:25.067+0000] {local_task_job_runner.py:228} INFO - Task exited with return code 0
[2026-03-23T00:34:25.120+0000] {taskinstance.py:2778} INFO - 1 downstream tasks scheduled from follow-on schedule check
[2026-03-23T00:58:43.091+0000] {taskinstance.py:1159} INFO - Dependencies all met for dep_context=non-requeueable deps ti=<TaskInstance: dynamic_spark_pipeline.check_config scheduled__2026-03-21T02:00:00+00:00 [queued]>
[2026-03-23T00:58:43.104+0000] {taskinstance.py:1159} INFO - Dependencies all met for dep_context=requeueable deps ti=<TaskInstance: dynamic_spark_pipeline.check_config scheduled__2026-03-21T02:00:00+00:00 [queued]>
[2026-03-23T00:58:43.105+0000] {taskinstance.py:1361} INFO - Starting attempt 1 of 3
[2026-03-23T00:58:43.125+0000] {taskinstance.py:1382} INFO - Executing <Task(PythonOperator): check_config> on 2026-03-21 02:00:00+00:00
[2026-03-23T00:58:43.132+0000] {standard_task_runner.py:57} INFO - Started process 303 to run task
[2026-03-23T00:58:43.136+0000] {standard_task_runner.py:84} INFO - Running: ['***', 'tasks', 'run', 'dynamic_spark_pipeline', 'check_config', 'scheduled__2026-03-21T02:00:00+00:00', '--job-id', '3', '--raw', '--subdir', 'DAGS_FOLDER/dynamic_spark_pipeline_dag.py', '--cfg-path', '/tmp/tmp6w3lyv9v']
[2026-03-23T00:58:43.139+0000] {standard_task_runner.py:85} INFO - Job 3: Subtask check_config
[2026-03-23T00:58:43.220+0000] {task_command.py:416} INFO - Running <TaskInstance: dynamic_spark_pipeline.check_config scheduled__2026-03-21T02:00:00+00:00 [running]> on host c2a2ae541149
[2026-03-23T00:58:43.394+0000] {taskinstance.py:1662} INFO - Exporting env vars: AIRFLOW_CTX_DAG_OWNER='Nasredine Ouelseti' AIRFLOW_CTX_DAG_ID='dynamic_spark_pipeline' AIRFLOW_CTX_TASK_ID='check_config' AIRFLOW_CTX_EXECUTION_DATE='2026-03-21T02:00:00+00:00' AIRFLOW_CTX_TRY_NUMBER='1' AIRFLOW_CTX_DAG_RUN_ID='scheduled__2026-03-21T02:00:00+00:00'
[2026-03-23T00:58:43.396+0000] {dynamic_spark_pipeline_dag.py:81} INFO - ✓ Config loaded from: /app/metadata/config.json
[2026-03-23T00:58:43.397+0000] {dynamic_spark_pipeline_dag.py:82} INFO - ✓ Dataflows found: ['motor-ingestion']
[2026-03-23T00:58:43.518+0000] {python.py:194} INFO - Done. Returned value was: {'status': 'success', 'dataflows': ['motor-ingestion']}
[2026-03-23T00:58:43.597+0000] {taskinstance.py:1400} INFO - Marking task as SUCCESS. dag_id=dynamic_spark_pipeline, task_id=check_config, execution_date=20260321T020000, start_date=20260323T005843, end_date=20260323T005843
[2026-03-23T00:58:43.634+0000] {local_task_job_runner.py:228} INFO - Task exited with return code 0
[2026-03-23T00:58:43.692+0000] {taskinstance.py:2778} INFO - 1 downstream tasks scheduled from follow-on schedule check
[2026-03-23T00:59:54.462+0000] {taskinstance.py:1159} INFO - Dependencies all met for dep_context=non-requeueable deps ti=<TaskInstance: dynamic_spark_pipeline.check_config scheduled__2026-03-21T02:00:00+00:00 [queued]>
[2026-03-23T00:59:54.472+0000] {taskinstance.py:1159} INFO - Dependencies all met for dep_context=requeueable deps ti=<TaskInstance: dynamic_spark_pipeline.check_config scheduled__2026-03-21T02:00:00+00:00 [queued]>
[2026-03-23T00:59:54.473+0000] {taskinstance.py:1361} INFO - Starting attempt 1 of 3
[2026-03-23T00:59:54.486+0000] {taskinstance.py:1382} INFO - Executing <Task(PythonOperator): check_config> on 2026-03-21 02:00:00+00:00
[2026-03-23T00:59:54.492+0000] {standard_task_runner.py:57} INFO - Started process 901 to run task
[2026-03-23T00:59:54.494+0000] {standard_task_runner.py:84} INFO - Running: ['***', 'tasks', 'run', 'dynamic_spark_pipeline', 'check_config', 'scheduled__2026-03-21T02:00:00+00:00', '--job-id', '9', '--raw', '--subdir', 'DAGS_FOLDER/dynamic_spark_pipeline_dag.py', '--cfg-path', '/tmp/tmp1md8oa6x']
[2026-03-23T00:59:54.497+0000] {standard_task_runner.py:85} INFO - Job 9: Subtask check_config
[2026-03-23T00:59:54.568+0000] {task_command.py:416} INFO - Running <TaskInstance: dynamic_spark_pipeline.check_config scheduled__2026-03-21T02:00:00+00:00 [running]> on host c2a2ae541149
[2026-03-23T00:59:54.685+0000] {taskinstance.py:1662} INFO - Exporting env vars: AIRFLOW_CTX_DAG_OWNER='Nasredine Ouelseti' AIRFLOW_CTX_DAG_ID='dynamic_spark_pipeline' AIRFLOW_CTX_TASK_ID='check_config' AIRFLOW_CTX_EXECUTION_DATE='2026-03-21T02:00:00+00:00' AIRFLOW_CTX_TRY_NUMBER='1' AIRFLOW_CTX_DAG_RUN_ID='scheduled__2026-03-21T02:00:00+00:00'
[2026-03-23T00:59:54.686+0000] {dynamic_spark_pipeline_dag.py:81} INFO - ✓ Config loaded from: /app/metadata/config.json
[2026-03-23T00:59:54.686+0000] {dynamic_spark_pipeline_dag.py:82} INFO - ✓ Dataflows found: ['motor-ingestion']
[2026-03-23T00:59:54.731+0000] {python.py:194} INFO - Done. Returned value was: {'status': 'success', 'dataflows': ['motor-ingestion']}
[2026-03-23T00:59:54.774+0000] {taskinstance.py:1400} INFO - Marking task as SUCCESS. dag_id=dynamic_spark_pipeline, task_id=check_config, execution_date=20260321T020000, start_date=20260323T005954, end_date=20260323T005954
[2026-03-23T00:59:54.827+0000] {local_task_job_runner.py:228} INFO - Task exited with return code 0
[2026-03-23T00:59:54.874+0000] {taskinstance.py:2778} INFO - 1 downstream tasks scheduled from follow-on schedule check
[2026-03-23T01:03:19.219+0000] {taskinstance.py:1159} INFO - Dependencies all met for dep_context=non-requeueable deps ti=<TaskInstance: dynamic_spark_pipeline.check_config scheduled__2026-03-21T02:00:00+00:00 [queued]>
[2026-03-23T01:03:19.256+0000] {taskinstance.py:1159} INFO - Dependencies all met for dep_context=requeueable deps ti=<TaskInstance: dynamic_spark_pipeline.check_config scheduled__2026-03-21T02:00:00+00:00 [queued]>
[2026-03-23T01:03:19.256+0000] {taskinstance.py:1361} INFO - Starting attempt 1 of 3
[2026-03-23T01:03:19.279+0000] {taskinstance.py:1382} INFO - Executing <Task(PythonOperator): check_config> on 2026-03-21 02:00:00+00:00
[2026-03-23T01:03:19.286+0000] {standard_task_runner.py:57} INFO - Started process 193 to run task
[2026-03-23T01:03:19.289+0000] {standard_task_runner.py:84} INFO - Running: ['***', 'tasks', 'run', 'dynamic_spark_pipeline', 'check_config', 'scheduled__2026-03-21T02:00:00+00:00', '--job-id', '2', '--raw', '--subdir', 'DAGS_FOLDER/dynamic_spark_pipeline_dag.py', '--cfg-path', '/tmp/tmpinu1pj6z']
[2026-03-23T01:03:19.291+0000] {standard_task_runner.py:85} INFO - Job 2: Subtask check_config
[2026-03-23T01:03:19.440+0000] {task_command.py:416} INFO - Running <TaskInstance: dynamic_spark_pipeline.check_config scheduled__2026-03-21T02:00:00+00:00 [running]> on host d3aa02c6c3fd
[2026-03-23T01:03:19.630+0000] {taskinstance.py:1662} INFO - Exporting env vars: AIRFLOW_CTX_DAG_OWNER='Nasredine Ouelseti' AIRFLOW_CTX_DAG_ID='dynamic_spark_pipeline' AIRFLOW_CTX_TASK_ID='check_config' AIRFLOW_CTX_EXECUTION_DATE='2026-03-21T02:00:00+00:00' AIRFLOW_CTX_TRY_NUMBER='1' AIRFLOW_CTX_DAG_RUN_ID='scheduled__2026-03-21T02:00:00+00:00'
[2026-03-23T01:03:19.631+0000] {dynamic_spark_pipeline_dag.py:81} INFO - ✓ Config loaded from: /app/metadata/config.json
[2026-03-23T01:03:19.632+0000] {dynamic_spark_pipeline_dag.py:82} INFO - ✓ Dataflows found: ['motor-ingestion']
[2026-03-23T01:03:19.754+0000] {python.py:194} INFO - Done. Returned value was: {'status': 'success', 'dataflows': ['motor-ingestion']}
[2026-03-23T01:03:19.903+0000] {taskinstance.py:1400} INFO - Marking task as SUCCESS. dag_id=dynamic_spark_pipeline, task_id=check_config, execution_date=20260321T020000, start_date=20260323T010319, end_date=20260323T010319
[2026-03-23T01:03:19.985+0000] {local_task_job_runner.py:228} INFO - Task exited with return code 0
[2026-03-23T01:03:20.054+0000] {taskinstance.py:2778} INFO - 1 downstream tasks scheduled from follow-on schedule check
[2026-03-23T01:03:35.417+0000] {taskinstance.py:1159} INFO - Dependencies all met for dep_context=non-requeueable deps ti=<TaskInstance: dynamic_spark_pipeline.check_config scheduled__2026-03-21T02:00:00+00:00 [queued]>
[2026-03-23T01:03:35.429+0000] {taskinstance.py:1159} INFO - Dependencies all met for dep_context=requeueable deps ti=<TaskInstance: dynamic_spark_pipeline.check_config scheduled__2026-03-21T02:00:00+00:00 [queued]>
[2026-03-23T01:03:35.430+0000] {taskinstance.py:1361} INFO - Starting attempt 1 of 3
[2026-03-23T01:03:35.452+0000] {taskinstance.py:1382} INFO - Executing <Task(PythonOperator): check_config> on 2026-03-21 02:00:00+00:00
[2026-03-23T01:03:35.459+0000] {standard_task_runner.py:57} INFO - Started process 501 to run task
[2026-03-23T01:03:35.464+0000] {standard_task_runner.py:84} INFO - Running: ['***', 'tasks', 'run', 'dynamic_spark_pipeline', 'check_config', 'scheduled__2026-03-21T02:00:00+00:00', '--job-id', '6', '--raw', '--subdir', 'DAGS_FOLDER/dynamic_spark_pipeline_dag.py', '--cfg-path', '/tmp/tmp0tamwelc']
[2026-03-23T01:03:35.466+0000] {standard_task_runner.py:85} INFO - Job 6: Subtask check_config
[2026-03-23T01:03:35.560+0000] {task_command.py:416} INFO - Running <TaskInstance: dynamic_spark_pipeline.check_config scheduled__2026-03-21T02:00:00+00:00 [running]> on host d3aa02c6c3fd
[2026-03-23T01:03:35.700+0000] {taskinstance.py:1662} INFO - Exporting env vars: AIRFLOW_CTX_DAG_OWNER='Nasredine Ouelseti' AIRFLOW_CTX_DAG_ID='dynamic_spark_pipeline' AIRFLOW_CTX_TASK_ID='check_config' AIRFLOW_CTX_EXECUTION_DATE='2026-03-21T02:00:00+00:00' AIRFLOW_CTX_TRY_NUMBER='1' AIRFLOW_CTX_DAG_RUN_ID='scheduled__2026-03-21T02:00:00+00:00'
[2026-03-23T01:03:35.700+0000] {dynamic_spark_pipeline_dag.py:81} INFO - ✓ Config loaded from: /app/metadata/config.json
[2026-03-23T01:03:35.701+0000] {dynamic_spark_pipeline_dag.py:82} INFO - ✓ Dataflows found: ['motor-ingestion']
[2026-03-23T01:03:35.748+0000] {python.py:194} INFO - Done. Returned value was: {'status': 'success', 'dataflows': ['motor-ingestion']}
[2026-03-23T01:03:35.791+0000] {taskinstance.py:1400} INFO - Marking task as SUCCESS. dag_id=dynamic_spark_pipeline, task_id=check_config, execution_date=20260321T020000, start_date=20260323T010335, end_date=20260323T010335
[2026-03-23T01:03:35.837+0000] {local_task_job_runner.py:228} INFO - Task exited with return code 0
[2026-03-23T01:03:35.884+0000] {taskinstance.py:2778} INFO - 1 downstream tasks scheduled from follow-on schedule check
[2026-03-23T01:04:05.336+0000] {taskinstance.py:1159} INFO - Dependencies all met for dep_context=non-requeueable deps ti=<TaskInstance: dynamic_spark_pipeline.check_config scheduled__2026-03-21T02:00:00+00:00 [queued]>
[2026-03-23T01:04:05.363+0000] {taskinstance.py:1159} INFO - Dependencies all met for dep_context=requeueable deps ti=<TaskInstance: dynamic_spark_pipeline.check_config scheduled__2026-03-21T02:00:00+00:00 [queued]>
[2026-03-23T01:04:05.363+0000] {taskinstance.py:1361} INFO - Starting attempt 1 of 3
[2026-03-23T01:04:05.412+0000] {taskinstance.py:1382} INFO - Executing <Task(PythonOperator): check_config> on 2026-03-21 02:00:00+00:00
[2026-03-23T01:04:05.417+0000] {standard_task_runner.py:57} INFO - Started process 764 to run task
[2026-03-23T01:04:05.420+0000] {standard_task_runner.py:84} INFO - Running: ['***', 'tasks', 'run', 'dynamic_spark_pipeline', 'check_config', 'scheduled__2026-03-21T02:00:00+00:00', '--job-id', '8', '--raw', '--subdir', 'DAGS_FOLDER/dynamic_spark_pipeline_dag.py', '--cfg-path', '/tmp/tmp8h31xkow']
[2026-03-23T01:04:05.423+0000] {standard_task_runner.py:85} INFO - Job 8: Subtask check_config
[2026-03-23T01:04:05.531+0000] {task_command.py:416} INFO - Running <TaskInstance: dynamic_spark_pipeline.check_config scheduled__2026-03-21T02:00:00+00:00 [running]> on host d3aa02c6c3fd
[2026-03-23T01:04:05.665+0000] {taskinstance.py:1662} INFO - Exporting env vars: AIRFLOW_CTX_DAG_OWNER='Nasredine Ouelseti' AIRFLOW_CTX_DAG_ID='dynamic_spark_pipeline' AIRFLOW_CTX_TASK_ID='check_config' AIRFLOW_CTX_EXECUTION_DATE='2026-03-21T02:00:00+00:00' AIRFLOW_CTX_TRY_NUMBER='1' AIRFLOW_CTX_DAG_RUN_ID='scheduled__2026-03-21T02:00:00+00:00'
[2026-03-23T01:04:05.666+0000] {dynamic_spark_pipeline_dag.py:81} INFO - ✓ Config loaded from: /app/metadata/config.json
[2026-03-23T01:04:05.666+0000] {dynamic_spark_pipeline_dag.py:82} INFO - ✓ Dataflows found: ['motor-ingestion']
[2026-03-23T01:04:05.729+0000] {python.py:194} INFO - Done. Returned value was: {'status': 'success', 'dataflows': ['motor-ingestion']}
[2026-03-23T01:04:05.788+0000] {taskinstance.py:1400} INFO - Marking task as SUCCESS. dag_id=dynamic_spark_pipeline, task_id=check_config, execution_date=20260321T020000, start_date=20260323T010405, end_date=20260323T010405
[2026-03-23T01:04:05.833+0000] {local_task_job_runner.py:228} INFO - Task exited with return code 0
[2026-03-23T01:04:05.871+0000] {taskinstance.py:2778} INFO - 1 downstream tasks scheduled from follow-on schedule check
[2026-03-23T01:05:07.968+0000] {taskinstance.py:1159} INFO - Dependencies all met for dep_context=non-requeueable deps ti=<TaskInstance: dynamic_spark_pipeline.check_config scheduled__2026-03-21T02:00:00+00:00 [queued]>
[2026-03-23T01:05:08.154+0000] {taskinstance.py:1159} INFO - Dependencies all met for dep_context=requeueable deps ti=<TaskInstance: dynamic_spark_pipeline.check_config scheduled__2026-03-21T02:00:00+00:00 [queued]>
[2026-03-23T01:05:08.154+0000] {taskinstance.py:1361} INFO - Starting attempt 1 of 3
[2026-03-23T01:05:08.507+0000] {taskinstance.py:1382} INFO - Executing <Task(PythonOperator): check_config> on 2026-03-21 02:00:00+00:00
[2026-03-23T01:05:08.519+0000] {standard_task_runner.py:57} INFO - Started process 982 to run task
[2026-03-23T01:05:08.524+0000] {standard_task_runner.py:84} INFO - Running: ['***', 'tasks', 'run', 'dynamic_spark_pipeline', 'check_config', 'scheduled__2026-03-21T02:00:00+00:00', '--job-id', '10', '--raw', '--subdir', 'DAGS_FOLDER/dynamic_spark_pipeline_dag.py', '--cfg-path', '/tmp/tmpiqi7izum']
[2026-03-23T01:05:08.528+0000] {standard_task_runner.py:85} INFO - Job 10: Subtask check_config
[2026-03-23T01:05:08.677+0000] {task_command.py:416} INFO - Running <TaskInstance: dynamic_spark_pipeline.check_config scheduled__2026-03-21T02:00:00+00:00 [running]> on host d3aa02c6c3fd
[2026-03-23T01:05:08.822+0000] {taskinstance.py:1662} INFO - Exporting env vars: AIRFLOW_CTX_DAG_OWNER='Nasredine Ouelseti' AIRFLOW_CTX_DAG_ID='dynamic_spark_pipeline' AIRFLOW_CTX_TASK_ID='check_config' AIRFLOW_CTX_EXECUTION_DATE='2026-03-21T02:00:00+00:00' AIRFLOW_CTX_TRY_NUMBER='1' AIRFLOW_CTX_DAG_RUN_ID='scheduled__2026-03-21T02:00:00+00:00'
[2026-03-23T01:05:08.839+0000] {dynamic_spark_pipeline_dag.py:81} INFO - ✓ Config loaded from: /app/metadata/config.json
[2026-03-23T01:05:08.839+0000] {dynamic_spark_pipeline_dag.py:82} INFO - ✓ Dataflows found: ['motor-ingestion']
[2026-03-23T01:05:08.920+0000] {python.py:194} INFO - Done. Returned value was: {'status': 'success', 'dataflows': ['motor-ingestion']}
[2026-03-23T01:05:08.999+0000] {taskinstance.py:1400} INFO - Marking task as SUCCESS. dag_id=dynamic_spark_pipeline, task_id=check_config, execution_date=20260321T020000, start_date=20260323T010508, end_date=20260323T010508
[2026-03-23T01:05:09.061+0000] {local_task_job_runner.py:228} INFO - Task exited with return code 0
[2026-03-23T01:05:09.139+0000] {taskinstance.py:2778} INFO - 1 downstream tasks scheduled from follow-on schedule check
[2026-03-23T01:25:08.287+0000] {taskinstance.py:1159} INFO - Dependencies all met for dep_context=non-requeueable deps ti=<TaskInstance: dynamic_spark_pipeline.check_config scheduled__2026-03-21T02:00:00+00:00 [queued]>
[2026-03-23T01:25:08.301+0000] {taskinstance.py:1159} INFO - Dependencies all met for dep_context=requeueable deps ti=<TaskInstance: dynamic_spark_pipeline.check_config scheduled__2026-03-21T02:00:00+00:00 [queued]>
[2026-03-23T01:25:08.301+0000] {taskinstance.py:1361} INFO - Starting attempt 1 of 3
[2026-03-23T01:25:08.317+0000] {taskinstance.py:1382} INFO - Executing <Task(PythonOperator): check_config> on 2026-03-21 02:00:00+00:00
[2026-03-23T01:25:08.322+0000] {standard_task_runner.py:57} INFO - Started process 201 to run task
[2026-03-23T01:25:08.326+0000] {standard_task_runner.py:84} INFO - Running: ['***', 'tasks', 'run', 'dynamic_spark_pipeline', 'check_config', 'scheduled__2026-03-21T02:00:00+00:00', '--job-id', '2', '--raw', '--subdir', 'DAGS_FOLDER/dynamic_spark_pipeline_dag.py', '--cfg-path', '/tmp/tmpufmh509p']
[2026-03-23T01:25:08.329+0000] {standard_task_runner.py:85} INFO - Job 2: Subtask check_config
[2026-03-23T01:25:08.414+0000] {task_command.py:416} INFO - Running <TaskInstance: dynamic_spark_pipeline.check_config scheduled__2026-03-21T02:00:00+00:00 [running]> on host c58b5b3ff68c
[2026-03-23T01:25:08.554+0000] {taskinstance.py:1662} INFO - Exporting env vars: AIRFLOW_CTX_DAG_OWNER='Nasredine Ouelseti' AIRFLOW_CTX_DAG_ID='dynamic_spark_pipeline' AIRFLOW_CTX_TASK_ID='check_config' AIRFLOW_CTX_EXECUTION_DATE='2026-03-21T02:00:00+00:00' AIRFLOW_CTX_TRY_NUMBER='1' AIRFLOW_CTX_DAG_RUN_ID='scheduled__2026-03-21T02:00:00+00:00'
[2026-03-23T01:25:08.556+0000] {dynamic_spark_pipeline_dag.py:81} INFO - ✓ Config loaded from: /app/metadata/config.json
[2026-03-23T01:25:08.556+0000] {dynamic_spark_pipeline_dag.py:82} INFO - ✓ Dataflows found: ['motor-ingestion']
[2026-03-23T01:25:08.608+0000] {python.py:194} INFO - Done. Returned value was: {'status': 'success', 'dataflows': ['motor-ingestion']}
[2026-03-23T01:25:08.650+0000] {taskinstance.py:1400} INFO - Marking task as SUCCESS. dag_id=dynamic_spark_pipeline, task_id=check_config, execution_date=20260321T020000, start_date=20260323T012508, end_date=20260323T012508
[2026-03-23T01:25:08.698+0000] {local_task_job_runner.py:228} INFO - Task exited with return code 0
[2026-03-23T01:25:08.739+0000] {taskinstance.py:2778} INFO - 1 downstream tasks scheduled from follow-on schedule check
