[2026-03-23T11:14:37.330+0000] {taskinstance.py:1159} INFO - Dependencies all met for dep_context=non-requeueable deps ti=<TaskInstance: dynamic_spark_pipeline.log_stats scheduled__2026-03-22T02:00:00+00:00 [queued]>
[2026-03-23T11:14:37.342+0000] {taskinstance.py:1159} INFO - Dependencies all met for dep_context=requeueable deps ti=<TaskInstance: dynamic_spark_pipeline.log_stats scheduled__2026-03-22T02:00:00+00:00 [queued]>
[2026-03-23T11:14:37.343+0000] {taskinstance.py:1361} INFO - Starting attempt 1 of 3
[2026-03-23T11:14:37.360+0000] {taskinstance.py:1382} INFO - Executing <Task(PythonOperator): log_stats> on 2026-03-22 02:00:00+00:00
[2026-03-23T11:14:37.367+0000] {standard_task_runner.py:57} INFO - Started process 516 to run task
[2026-03-23T11:14:37.369+0000] {standard_task_runner.py:84} INFO - Running: ['***', 'tasks', 'run', 'dynamic_spark_pipeline', 'log_stats', 'scheduled__2026-03-22T02:00:00+00:00', '--job-id', '5', '--raw', '--subdir', 'DAGS_FOLDER/dynamic_spark_pipeline_dag.py', '--cfg-path', '/tmp/tmp9x05mpun']
[2026-03-23T11:14:37.372+0000] {standard_task_runner.py:85} INFO - Job 5: Subtask log_stats
[2026-03-23T11:14:37.455+0000] {task_command.py:416} INFO - Running <TaskInstance: dynamic_spark_pipeline.log_stats scheduled__2026-03-22T02:00:00+00:00 [running]> on host 006670e0c5e4
[2026-03-23T11:14:37.586+0000] {taskinstance.py:1662} INFO - Exporting env vars: AIRFLOW_CTX_DAG_OWNER='Nasredine Ouelseti' AIRFLOW_CTX_DAG_ID='dynamic_spark_pipeline' AIRFLOW_CTX_TASK_ID='log_stats' AIRFLOW_CTX_EXECUTION_DATE='2026-03-22T02:00:00+00:00' AIRFLOW_CTX_TRY_NUMBER='1' AIRFLOW_CTX_DAG_RUN_ID='scheduled__2026-03-22T02:00:00+00:00'
[2026-03-23T11:14:37.610+0000] {dynamic_spark_pipeline_dag.py:183} INFO - ================================================================================
[2026-03-23T11:14:37.611+0000] {dynamic_spark_pipeline_dag.py:184} INFO - PIPELINE EXECUTION SUMMARY
[2026-03-23T11:14:37.611+0000] {dynamic_spark_pipeline_dag.py:185} INFO - ================================================================================
[2026-03-23T11:14:37.611+0000] {dynamic_spark_pipeline_dag.py:190} INFO -   Dataflow: motor-ingestion
[2026-03-23T11:14:37.611+0000] {dynamic_spark_pipeline_dag.py:195} INFO -     - raw-ok                    |    1 file(s)
[2026-03-23T11:14:37.612+0000] {dynamic_spark_pipeline_dag.py:195} INFO -     - raw-ko                    |    1 file(s)
[2026-03-23T11:14:37.612+0000] {dynamic_spark_pipeline_dag.py:201} INFO -     Subtotal:    2
[2026-03-23T11:14:37.612+0000] {dynamic_spark_pipeline_dag.py:204} INFO - --------------------------------------------------------------------------------
[2026-03-23T11:14:37.612+0000] {dynamic_spark_pipeline_dag.py:205} INFO -   TOTAL OUTPUT FILES:    2
[2026-03-23T11:14:37.612+0000] {dynamic_spark_pipeline_dag.py:206} INFO - ================================================================================
[2026-03-23T11:14:37.636+0000] {python.py:194} INFO - Done. Returned value was: None
[2026-03-23T11:14:37.653+0000] {taskinstance.py:1400} INFO - Marking task as SUCCESS. dag_id=dynamic_spark_pipeline, task_id=log_stats, execution_date=20260322T020000, start_date=20260323T111437, end_date=20260323T111437
[2026-03-23T11:14:37.702+0000] {local_task_job_runner.py:228} INFO - Task exited with return code 0
[2026-03-23T11:14:37.734+0000] {taskinstance.py:2778} INFO - 0 downstream tasks scheduled from follow-on schedule check
